case,mode,steps,seed,result,original
0,scalar,0,0,0,0
1,scalar,0,1,1,0
2,scalar,0,7,7,0
3,scalar,0,17,17,0
4,scalar,0,255,255,0
5,scalar,0,256,256,0
6,scalar,0,2147483646,2147483646,0
7,scalar,1,0,0,0
8,scalar,1,1,48271,0
9,scalar,1,7,337897,0
10,scalar,1,17,820607,0
11,scalar,1,255,12309105,0
12,scalar,1,256,12357376,0
13,scalar,1,2147483646,2147435376,0
14,scalar,2,0,0,0
15,scalar,2,1,182605794,0
16,scalar,2,7,1278240558,0
17,scalar,2,17,956814851,0
18,scalar,2,255,1467320883,0
19,scalar,2,256,1649926677,0
20,scalar,2,2147483646,1964877853,0
21,scalar,255,0,0,0
22,scalar,255,1,528003979,0
23,scalar,255,7,1548544206,0
24,scalar,255,17,386133055,0
25,scalar,255,255,1497028531,0
26,scalar,255,256,2025032510,0
27,scalar,255,2147483646,1619479668,0
28,scalar,256,0,0,0
29,scalar,256,1,944147713,0
30,scalar,256,7,166583050,0
31,scalar,256,17,1018125592,0
32,scalar,256,255,239498351,0
33,scalar,256,256,1183646064,0
34,scalar,256,2147483646,1203335934,0
35,scalar,257,0,0,0
36,scalar,257,1,1056297589,0
37,scalar,257,7,951632182,0
38,scalar,257,17,777189837,0
39,scalar,257,255,920429320,0
40,scalar,257,256,1976726909,0
41,scalar,257,2147483646,1091186058,0
42,scalar,1000,0,0,0
43,scalar,1000,1,429183498,0
44,scalar,1000,7,856800839,0
45,scalar,1000,17,853668525,0
46,scalar,1000,255,2067609640,0
47,scalar,1000,256,349309491,0
48,scalar,1000,2147483646,1718300149,0
49,model,0,0,0,0
50,model,0,1,0,0
51,model,0,7,0,0
52,model,0,17,0,0
53,model,0,255,0,0
54,model,0,256,0,0
55,model,0,2147483646,0,0
56,model,1,0,1,0
57,model,1,1,2,0
58,model,1,7,8,0
59,model,1,17,18,0
60,model,1,255,256,0
61,model,1,256,1,0
62,model,1,2147483646,255,0
63,model,2,0,19,0
64,model,2,1,21,0
65,model,2,7,33,0
66,model,2,17,53,0
67,model,2,255,273,0
68,model,2,256,19,0
69,model,2,2147483646,271,0
70,model,255,0,32656,0
71,model,255,1,32655,0
72,model,255,7,32649,0
73,model,255,17,32895,0
74,model,255,255,32657,0
75,model,255,256,32656,0
76,model,255,2147483646,32658,0
77,model,256,0,32896,0
78,model,256,1,32896,0
79,model,256,7,32896,0
80,model,256,17,32896,0
81,model,256,255,32896,0
82,model,256,256,32896,0
83,model,256,2147483646,32896,0
84,model,257,0,32897,0
85,model,257,1,32898,0
86,model,257,7,32904,0
87,model,257,17,32914,0
88,model,257,255,33152,0
89,model,257,256,32897,0
90,model,257,2147483646,33151,0
91,model,1000,0,128212,0
92,model,1000,1,128188,0
93,model,1000,7,128044,0
94,model,1000,17,128316,0
95,model,1000,255,128236,0
96,model,1000,256,128212,0
97,model,1000,2147483646,128004,0
98,model-struct,0,0,0,0
99,model-struct,0,1,0,0
100,model-struct,0,7,0,0
101,model-struct,0,17,0,0
102,model-struct,0,255,0,0
103,model-struct,0,256,0,0
104,model-struct,0,2147483646,0,0
105,model-struct,1,0,1,0
106,model-struct,1,1,2,0
107,model-struct,1,7,8,0
108,model-struct,1,17,18,0
109,model-struct,1,255,256,0
110,model-struct,1,256,1,0
111,model-struct,1,2147483646,255,0
112,model-struct,2,0,19,0
113,model-struct,2,1,21,0
114,model-struct,2,7,33,0
115,model-struct,2,17,53,0
116,model-struct,2,255,273,0
117,model-struct,2,256,19,0
118,model-struct,2,2147483646,271,0
119,model-struct,255,0,32656,0
120,model-struct,255,1,32655,0
121,model-struct,255,7,32649,0
122,model-struct,255,17,32895,0
123,model-struct,255,255,32657,0
124,model-struct,255,256,32656,0
125,model-struct,255,2147483646,32658,0
126,model-struct,256,0,32896,0
127,model-struct,256,1,32896,0
128,model-struct,256,7,32896,0
129,model-struct,256,17,32896,0
130,model-struct,256,255,32896,0
131,model-struct,256,256,32896,0
132,model-struct,256,2147483646,32896,0
133,model-struct,257,0,32897,0
134,model-struct,257,1,32898,0
135,model-struct,257,7,32904,0
136,model-struct,257,17,32914,0
137,model-struct,257,255,33152,0
138,model-struct,257,256,32897,0
139,model-struct,257,2147483646,33151,0
140,model-struct,1000,0,128212,0
141,model-struct,1000,1,128188,0
142,model-struct,1000,7,128044,0
143,model-struct,1000,17,128316,0
144,model-struct,1000,255,128236,0
145,model-struct,1000,256,128212,0
146,model-struct,1000,2147483646,128004,0
147,precision,0,0,9007199254740993,0
148,precision,0,1,9007199254740994,0
149,precision,0,7,9007199254741000,0
150,precision,0,17,9007199254741010,0
151,precision,0,255,9007199254741248,0
152,precision,0,256,9007199254741249,0
153,precision,0,2147483646,9007201402224639,0
154,precision,1,0,9007199254740993,0
155,precision,1,1,9007199254740994,0
156,precision,1,7,9007199254741000,0
157,precision,1,17,9007199254741010,0
158,precision,1,255,9007199254741248,0
159,precision,1,256,9007199254741249,0
160,precision,1,2147483646,9007201402224639,0
161,precision,2,0,9007199254740993,0
162,precision,2,1,9007199254740994,0
163,precision,2,7,9007199254741000,0
164,precision,2,17,9007199254741010,0
165,precision,2,255,9007199254741248,0
166,precision,2,256,9007199254741249,0
167,precision,2,2147483646,9007201402224639,0
168,precision,255,0,9007199254740993,0
169,precision,255,1,9007199254740994,0
170,precision,255,7,9007199254741000,0
171,precision,255,17,9007199254741010,0
172,precision,255,255,9007199254741248,0
173,precision,255,256,9007199254741249,0
174,precision,255,2147483646,9007201402224639,0
175,precision,256,0,9007199254740993,0
176,precision,256,1,9007199254740994,0
177,precision,256,7,9007199254741000,0
178,precision,256,17,9007199254741010,0
179,precision,256,255,9007199254741248,0
180,precision,256,256,9007199254741249,0
181,precision,256,2147483646,9007201402224639,0
182,precision,257,0,9007199254740993,0
183,precision,257,1,9007199254740994,0
184,precision,257,7,9007199254741000,0
185,precision,257,17,9007199254741010,0
186,precision,257,255,9007199254741248,0
187,precision,257,256,9007199254741249,0
188,precision,257,2147483646,9007201402224639,0
189,precision,1000,0,9007199254740993,0
190,precision,1000,1,9007199254740994,0
191,precision,1000,7,9007199254741000,0
192,precision,1000,17,9007199254741010,0
193,precision,1000,255,9007199254741248,0
194,precision,1000,256,9007199254741249,0
195,precision,1000,2147483646,9007201402224639,0
