permanent_normal=fresh
permanent_shutdown=fresh
permanent_shutdown_detail=fresh
permanent_broken=fresh
transient_normal=stopped
transient_shutdown=stopped
transient_shutdown_detail=stopped
transient_broken=fresh
temporary_normal=removed
temporary_shutdown=removed
temporary_shutdown_detail=removed
temporary_broken=removed
startup_failure=start:a,start:b,fail:c,stop:b,stop:a
ignore_specs=true
failed_restart_attempts=fail:a,fail:a
mixed_group=stop:c,stop:b,start:a,start:c
mixed_temporary_removed=true
one_for_all_failed_initializer=stop:d,stop:c,stop:a,start:a,start:b,fail:c,stop:b,stop:a,start:a,start:b,start:c,start:d
rest_for_one_failed_initializer=stop:d,stop:c,start:b,fail:c,start:c,start:d
manual_zero_fresh=true
manual_zero_exit=shutdown
graceful_zero=killed
any_significant=stop:other
all_manual_keeps_alive=true
all_last_natural=true
significant_abnormal_restarts=true
empty_significant_keeps_alive=true
invalid_significant=true
invalid_significant_no_body=true
infinity_waits_after_unlink=true
infinity_release_stops=true
nested_finite_branch=killed
nested_descendant_still_waiting=true
nested_descendant_release=shutdown
