   Compiling morrow-runtime v0.1.0 (/private/tmp/morrow-typed-supervision-20260919/crates/morrow-runtime)
warning: enum `ValidationError` is never used
 --> crates/morrow-runtime/src/managed/supervisor.rs:5:17
  |
5 | pub(super) enum ValidationError {
  |                 ^^^^^^^^^^^^^^^
  |
  = note: `#[warn(dead_code)]` (part of `#[warn(unused)]`) on by default

warning: function `is_handle_actor` is never used
  --> crates/morrow-runtime/src/managed/supervisor.rs:11:22
   |
11 | pub(super) unsafe fn is_handle_actor(_actor: *mut Actor) -> bool {
   |                      ^^^^^^^^^^^^^^^

warning: function `key_identity` is never used
  --> crates/morrow-runtime/src/managed/supervisor.rs:14:22
   |
14 | pub(super) unsafe fn key_identity(_s: *mut Session) -> Option<(Arc<relations::Epoch>, u64)> {
   |                      ^^^^^^^^^^^^

warning: function `validate_specs` is never used
  --> crates/morrow-runtime/src/managed/supervisor.rs:17:22
   |
17 | pub(super) unsafe fn validate_specs(
   |                      ^^^^^^^^^^^^^^

warning: struct `Handle` is never constructed
 --> crates/morrow-runtime/src/managed/supervisor/values.rs:6:31
  |
6 | pub(in crate::managed) struct Handle {
  |                               ^^^^^^

warning: struct `KeyToken` is never constructed
  --> crates/morrow-runtime/src/managed/supervisor/values.rs:10:31
   |
10 | pub(in crate::managed) struct KeyToken {
   |                               ^^^^^^^^

warning: struct `ChildKey` is never constructed
  --> crates/morrow-runtime/src/managed/supervisor/values.rs:17:31
   |
17 | pub(in crate::managed) struct ChildKey {
   |                               ^^^^^^^^

warning: struct `ChildSpec` is never constructed
  --> crates/morrow-runtime/src/managed/supervisor/values.rs:23:31
   |
23 | pub(in crate::managed) struct ChildSpec {
   |                               ^^^^^^^^^

warning: `morrow-runtime` (lib test) generated 8 warnings
    Finished `test` profile [unoptimized] target(s) in 2.46s
     Running unittests src/lib.rs (/tmp/morrow-typed-process-model-target-20260919/debug/build/morrow-runtime/1e00b2911219d337/out/morrow_runtime-1e00b2911219d337)

running 4 tests

thread 'managed::cost::supervisor_value_tests::repeated_opaque_value_charges_one_owned_graph_and_rejects_a_cycle' (6296927) panicked at crates/morrow-runtime/src/managed/supervisor_value_tests.rs:62:9:
assertion `left == right` failed
  left: None
 right: Some(157)
note: run with `RUST_BACKTRACE=1` environment variable to display a backtrace

thread 'managed::cost::supervisor_value_tests::opaque_child_spec_accounts_its_hidden_name_and_branch_graph' (6296926) panicked at crates/morrow-runtime/src/managed/supervisor_value_tests.rs:47:9:
assertion `left == right` failed
  left: None
 right: Some(117)

thread 'managed::cost::supervisor_value_tests::supervisor_descriptor_children_are_constraints_not_payload_fields' (6296928) panicked at crates/morrow-runtime/src/managed/supervisor_value_tests.rs:25:13:
kind 15 is a zero-child opaque value
test managed::cost::supervisor_value_tests::supervisor_descriptor_children_are_constraints_not_payload_fields ... FAILED
test managed::cost::supervisor_value_tests::repeated_opaque_value_charges_one_owned_graph_and_rejects_a_cycle ... FAILED
test managed::cost::supervisor_value_tests::opaque_child_spec_accounts_its_hidden_name_and_branch_graph ... FAILED

thread '<unnamed>' (6296929) panicked at crates/morrow-runtime/src/managed/supervisor_value_tests.rs:79:9:
assertion failed: value(null_mut(), &descriptor, parent.as_ptr() as i64).is_some()

thread 'managed::cost::supervisor_value_tests::opaque_branch_fragment_owns_names_and_children_after_sender_collection' (6296925) panicked at crates/morrow-runtime/src/managed/supervisor_value_tests.rs:86:15:
called `Result::unwrap()` on an `Err` value: Any { .. }
test managed::cost::supervisor_value_tests::opaque_branch_fragment_owns_names_and_children_after_sender_collection ... FAILED

failures:

failures:
    managed::cost::supervisor_value_tests::opaque_branch_fragment_owns_names_and_children_after_sender_collection
    managed::cost::supervisor_value_tests::opaque_child_spec_accounts_its_hidden_name_and_branch_graph
    managed::cost::supervisor_value_tests::repeated_opaque_value_charges_one_owned_graph_and_rejects_a_cycle
    managed::cost::supervisor_value_tests::supervisor_descriptor_children_are_constraints_not_payload_fields

test result: FAILED. 0 passed; 4 failed; 0 ignored; 0 measured; 250 filtered out; finished in 0.00s

error: test failed, to rerun pass `-p morrow-runtime --lib`
