   Compiling morrow-runtime v0.1.0 (/private/tmp/morrow-typed-supervision-20260919/crates/morrow-runtime)
warning: unused import: `native_root_slot`
  --> crates/morrow-runtime/src/memory.rs:18:32
   |
18 | pub(crate) use heaps::{Domain, native_root_slot};
   |                                ^^^^^^^^^^^^^^^^
   |
   = note: `#[warn(unused_imports)]` (part of `#[warn(unused)]`) on by default

error[E0061]: this function takes 2 arguments but 3 arguments were supplied
   --> crates/morrow-runtime/src/managed/supervisor/values.rs:426:29
    |
426 |         if let Err(error) = super::validate_specs(s, child_slice, auto_shutdown) {
    |                             ^^^^^^^^^^^^^^^^^^^^^                 ------------- unexpected argument #3 of type `i64`
    |
note: function defined here
   --> crates/morrow-runtime/src/managed/supervisor.rs:26:22
    |
 26 | pub(super) unsafe fn validate_specs(
    |                      ^^^^^^^^^^^^^^
help: remove the extra argument
    |
426 -         if let Err(error) = super::validate_specs(s, child_slice, auto_shutdown) {
426 +         if let Err(error) = super::validate_specs(s, child_slice) {
    |

For more information about this error, try `rustc --explain E0061`.
warning: `morrow-runtime` (lib test) generated 1 warning
error: could not compile `morrow-runtime` (lib test) due to 1 previous error; 1 warning emitted
