   Compiling morrow-runtime v0.1.0 (/private/tmp/morrow-typed-supervision-20260919/crates/morrow-runtime)
warning: unused import: `native_root_slot`
  --> crates/morrow-runtime/src/memory.rs:18:32
   |
18 | pub(crate) use heaps::{Domain, native_root_slot};
   |                                ^^^^^^^^^^^^^^^^
   |
   = note: `#[warn(unused_imports)]` (part of `#[warn(unused)]`) on by default

warning: function `native_root_slot` is never used
   --> crates/morrow-runtime/src/memory/heaps.rs:608:15
    |
608 | pub(crate) fn native_root_slot(heap: usize, pointer: *mut usize) -> bool {
    |               ^^^^^^^^^^^^^^^^
    |
    = note: `#[warn(dead_code)]` (part of `#[warn(unused)]`) on by default

warning: `morrow-runtime` (lib test) generated 2 warnings (run `cargo fix --lib -p morrow-runtime --tests` to apply 1 suggestion)
    Finished `test` profile [unoptimized] target(s) in 2.25s
     Running unittests src/lib.rs (/tmp/morrow-typed-process-model-target-20260919/debug/build/morrow-runtime/1e00b2911219d337/out/morrow_runtime-1e00b2911219d337)

running 2 tests
test managed::supervisor::tests::handle_role_is_an_immutable_identity_capability ... ok
test managed::supervisor::tests::key_tokens_are_fresh_within_one_epoch_and_inert_after_close ... ok

test result: ok. 2 passed; 0 failed; 0 ignored; 0 measured; 254 filtered out; finished in 0.00s

