   Compiling morrow-runtime v0.1.0 (/private/tmp/morrow-typed-supervision-20260919/crates/morrow-runtime)
warning: unused import: `native_root_slot`
  --> crates/morrow-runtime/src/memory.rs:18:32
   |
18 | pub(crate) use heaps::{Domain, native_root_slot};
   |                                ^^^^^^^^^^^^^^^^
   |
   = note: `#[warn(unused_imports)]` (part of `#[warn(unused)]`) on by default

warning: enum `ValidationError` is never used
 --> crates/morrow-runtime/src/managed/supervisor.rs:5:17
  |
5 | pub(super) enum ValidationError {
  |                 ^^^^^^^^^^^^^^^
  |
  = note: `#[warn(dead_code)]` (part of `#[warn(unused)]`) on by default

warning: function `is_handle_actor` is never used
  --> crates/morrow-runtime/src/managed/supervisor.rs:11:22
   |
11 | pub(super) unsafe fn is_handle_actor(_actor: *mut Actor) -> bool {
   |                      ^^^^^^^^^^^^^^^

warning: function `key_identity` is never used
  --> crates/morrow-runtime/src/managed/supervisor.rs:14:22
   |
14 | pub(super) unsafe fn key_identity(_s: *mut Session) -> Option<(Arc<relations::Epoch>, u64)> {
   |                      ^^^^^^^^^^^^

warning: function `validate_specs` is never used
  --> crates/morrow-runtime/src/managed/supervisor.rs:17:22
   |
17 | pub(super) unsafe fn validate_specs(
   |                      ^^^^^^^^^^^^^^

warning: struct `Handle` is never constructed
 --> crates/morrow-runtime/src/managed/supervisor/values.rs:6:31
  |
6 | pub(in crate::managed) struct Handle {
  |                               ^^^^^^

warning: struct `KeyToken` is never constructed
  --> crates/morrow-runtime/src/managed/supervisor/values.rs:10:31
   |
10 | pub(in crate::managed) struct KeyToken {
   |                               ^^^^^^^^

warning: struct `ChildKey` is never constructed
  --> crates/morrow-runtime/src/managed/supervisor/values.rs:17:31
   |
17 | pub(in crate::managed) struct ChildKey {
   |                               ^^^^^^^^

warning: struct `ChildSpec` is never constructed
  --> crates/morrow-runtime/src/managed/supervisor/values.rs:23:31
   |
23 | pub(in crate::managed) struct ChildSpec {
   |                               ^^^^^^^^^

warning: function `native_root_slot` is never used
   --> crates/morrow-runtime/src/memory/heaps.rs:608:15
    |
608 | pub(crate) fn native_root_slot(heap: usize, pointer: *mut usize) -> bool {
    |               ^^^^^^^^^^^^^^^^

warning: `morrow-runtime` (lib test) generated 10 warnings (run `cargo fix --lib -p morrow-runtime --tests` to apply 1 suggestion)
    Finished `test` profile [unoptimized] target(s) in 1.81s
     Running unittests src/lib.rs (/tmp/morrow-typed-process-model-target-20260919/debug/build/morrow-runtime/1e00b2911219d337/out/morrow_runtime-1e00b2911219d337)

running 1 test
test memory::tests::supervisor_reply_slot_requires_current_owner_top_native_frame ... ok

test result: ok. 1 passed; 0 failed; 0 ignored; 0 measured; 253 filtered out; finished in 0.00s

