    Blocking waiting for file lock on build directory
   Compiling morrow-runtime v0.1.0 (/private/tmp/morrow-typed-supervision-20260919/crates/morrow-runtime)
warning: unused import: `native_root_slot`
  --> crates/morrow-runtime/src/memory.rs:18:32
   |
18 | pub(crate) use heaps::{Domain, native_root_slot};
   |                                ^^^^^^^^^^^^^^^^
   |
   = note: `#[warn(unused_imports)]` (part of `#[warn(unused)]`) on by default

warning: function `native_root_slot` is never used
   --> crates/morrow-runtime/src/memory/heaps.rs:608:15
    |
608 | pub(crate) fn native_root_slot(heap: usize, pointer: *mut usize) -> bool {
    |               ^^^^^^^^^^^^^^^^
    |
    = note: `#[warn(dead_code)]` (part of `#[warn(unused)]`) on by default

warning: `morrow-runtime` (lib test) generated 2 warnings (run `cargo fix --lib -p morrow-runtime --tests` to apply 1 suggestion)
    Finished `test` profile [unoptimized] target(s) in 9.00s
     Running unittests src/lib.rs (/tmp/morrow-typed-process-model-target-20260919/debug/build/morrow-runtime/1e00b2911219d337/out/morrow_runtime-1e00b2911219d337)

running 3 tests

thread 'managed::supervisor::registration::tests::registration_is_idempotent_and_close_releases_metadata_with_retained_pid' (6341649) panicked at crates/morrow-runtime/src/managed/supervisor/registration.rs:80:13:
assertion `left == right` failed: a canonical root Stop record is accepted
  left: 3
 right: 0
note: run with `RUST_BACKTRACE=1` environment variable to display a backtrace

thread 'managed::supervisor::registration::tests::invalid_last_record_publishes_no_prefix_and_correct_retry_succeeds' (6341648) panicked at crates/morrow-runtime/src/managed/supervisor/registration.rs:100:13:
assertion `left == right` failed: invalid suffix must not freeze a valid prefix
  left: 3
 right: 0
test managed::supervisor::registration::tests::registration_is_idempotent_and_close_releases_metadata_with_retained_pid ... FAILED
test managed::supervisor::registration::tests::invalid_last_record_publishes_no_prefix_and_correct_retry_succeeds ... FAILED

thread 'managed::supervisor::registration::tests::registration_survives_both_parallel_configuration_orders' (6341650) panicked at crates/morrow-runtime/src/managed/supervisor/registration.rs:118:17:
assertion `left == right` failed
  left: 3
 right: 0
test managed::supervisor::registration::tests::registration_survives_both_parallel_configuration_orders ... FAILED

failures:

failures:
    managed::supervisor::registration::tests::invalid_last_record_publishes_no_prefix_and_correct_retry_succeeds
    managed::supervisor::registration::tests::registration_is_idempotent_and_close_releases_metadata_with_retained_pid
    managed::supervisor::registration::tests::registration_survives_both_parallel_configuration_orders

test result: FAILED. 0 passed; 3 failed; 0 ignored; 0 measured; 259 filtered out; finished in 0.00s

error: test failed, to rerun pass `-p morrow-runtime --lib`
