    Blocking waiting for file lock on build directory
   Compiling morrow-runtime v0.1.0 (/private/tmp/morrow-typed-supervision-20260919/crates/morrow-runtime)
warning: unused import: `native_root_slot`
  --> crates/morrow-runtime/src/memory.rs:18:32
   |
18 | pub(crate) use heaps::{Domain, native_root_slot};
   |                                ^^^^^^^^^^^^^^^^
   |
   = note: `#[warn(unused_imports)]` (part of `#[warn(unused)]`) on by default

warning: function `native_root_slot` is never used
   --> crates/morrow-runtime/src/memory/heaps.rs:608:15
    |
608 | pub(crate) fn native_root_slot(heap: usize, pointer: *mut usize) -> bool {
    |               ^^^^^^^^^^^^^^^^
    |
    = note: `#[warn(dead_code)]` (part of `#[warn(unused)]`) on by default

warning: `morrow-runtime` (lib test) generated 2 warnings (run `cargo fix --lib -p morrow-runtime --tests` to apply 1 suggestion)
    Finished `test` profile [unoptimized] target(s) in 15.76s
     Running unittests src/lib.rs (/tmp/morrow-typed-process-model-target-20260919/debug/build/morrow-runtime/1e00b2911219d337/out/morrow_runtime-1e00b2911219d337)

running 6 tests
test managed::cost::supervisor_value_tests::supervisor_descriptor_children_are_constraints_not_payload_fields ... ok
test managed::cost::supervisor_value_tests::repeated_opaque_value_charges_one_owned_graph_and_rejects_a_cycle ... ok
test managed::cost::supervisor_value_tests::opaque_child_spec_accounts_its_hidden_name_and_branch_graph ... ok
test memory::tests::supervisor_reply_slot_requires_current_owner_top_native_frame ... ok
test managed::supervision::tests::synchronized_lineage_upgrades_without_retaining_an_actor_supervisor_cycle ... ok
test managed::cost::supervisor_value_tests::opaque_branch_fragment_owns_names_and_children_after_sender_collection ... ok

test result: ok. 6 passed; 0 failed; 0 ignored; 0 measured; 253 filtered out; finished in 0.00s

